CHECK widget.html assets=original fallback=false clips=138
PASS canvas 1280×720 DPR1 → 720²
PASS canvas 720×1280 DPR1 → 720²
PASS canvas 320×640 DPR1 → 320²
PASS canvas 1280×720 DPR2 → 720²
PASS idle1_loop 512² 2 cycles 42 draws maxGap=150ms
PASS basic1_loop 512² 2 cycles 40 draws maxGap=250ms
PASS basic2_loop 512² 2 cycles 40 draws maxGap=153ms
PASS basic3_loop 512² 2 cycles 40 draws maxGap=151ms
PASS doze1_loop 512² 2 cycles 32 draws maxGap=152ms
PASS happy1_start 512² 2 cycles 16 draws maxGap=151ms
PASS happy1_loop 512² 2 cycles 40 draws maxGap=151ms
PASS happy1_end 512² 2 cycles 16 draws maxGap=150ms
PASS happy2_loop 512² 2 cycles 40 draws maxGap=153ms
PASS happy3_loop 512² 2 cycles 44 draws maxGap=152ms
PASS excited1_loop 512² 2 cycles 40 draws maxGap=151ms
PASS boxing1_loop 512² 2 cycles 52 draws maxGap=200ms
PASS dance1_loop 512² 2 cycles 36 draws maxGap=201ms
PASS yaho1_loop 512² 2 cycles 32 draws maxGap=248ms
PASS parapara1_loop 512² 2 cycles 52 draws maxGap=201ms
PASS dance2_loop 512² 2 cycles 36 draws maxGap=200ms
PASS dance3_loop 512² 2 cycles 36 draws maxGap=202ms
PASS chem1_start 512² 2 cycles 28 draws maxGap=151ms
PASS chem1_loop 512² 2 cycles 42 draws maxGap=197ms
PASS chem1_end1 512² 2 cycles 44 draws maxGap=151ms
PASS chem1_end2 512² 2 cycles 28 draws maxGap=151ms
PASS chem1_end3 512² 2 cycles 40 draws maxGap=153ms
PASS pastry1_start 512² 2 cycles 32 draws maxGap=161ms
PASS pastry1_loop 512² 2 cycles 32 draws maxGap=151ms
PASS pastry1_end1 512² 2 cycles 50 draws maxGap=200ms
PASS pastry1_end2 512² 2 cycles 50 draws maxGap=201ms
PASS pastry1_end3 512² 2 cycles 50 draws maxGap=196ms
PASS pastry1_end4 512² 2 cycles 50 draws maxGap=201ms
PASS pastry1_end5 512² 2 cycles 50 draws maxGap=200ms
PASS pastry1_end6 512² 2 cycles 50 draws maxGap=201ms
PASS pastry1_end7 512² 2 cycles 50 draws maxGap=151ms
PASS pastry1_end8 512² 2 cycles 50 draws maxGap=200ms
PASS pastry1_end9 512² 2 cycles 50 draws maxGap=201ms
PASS pastry1_end10 512² 2 cycles 50 draws maxGap=201ms
PASS pastry1_outro 512² 2 cycles 24 draws maxGap=201ms
PASS alchemy1_start 512² 2 cycles 72 draws maxGap=151ms
PASS alchemy1_loop 512² 2 cycles 67 draws maxGap=102ms
PASS alchemy1_end1 512² 2 cycles 83 draws maxGap=105ms
PASS alchemy1_end2 512² 2 cycles 83 draws maxGap=150ms
PASS alchemy1_end3 512² 2 cycles 83 draws maxGap=150ms
PASS alchemy1_outro 512² 2 cycles 69 draws maxGap=101ms
PASS lemon1_loop 512² 2 cycles 84 draws maxGap=157ms
PASS note1_loop 512² 2 cycles 152 draws maxGap=151ms
PASS sad1_loop 512² 2 cycles 40 draws maxGap=150ms
PASS sad2_loop 512² 2 cycles 40 draws maxGap=151ms
PASS clap1_loop 512² 2 cycles 68 draws maxGap=150ms
PASS heart1_loop 512² 2 cycles 44 draws maxGap=150ms
PASS surprise1_loop 512² 2 cycles 44 draws maxGap=150ms
PASS thumbsup1_loop 512² 2 cycles 52 draws maxGap=151ms
PASS salute1_loop 512² 2 cycles 52 draws maxGap=151ms
PASS shrug1_loop 512² 2 cycles 52 draws maxGap=151ms
PASS think1_loop 512² 2 cycles 52 draws maxGap=149ms
PASS listen1_loop 512² 2 cycles 52 draws maxGap=151ms
PASS facepalm1_loop 512² 2 cycles 52 draws maxGap=152ms
PASS shush1_loop 512² 2 cycles 52 draws maxGap=151ms
PASS cheer1_loop 512² 2 cycles 52 draws maxGap=150ms
PASS pout1_loop 512² 2 cycles 52 draws maxGap=151ms
PASS kiss1_loop 512² 2 cycles 52 draws maxGap=152ms
PASS bounce1_loop 512² 2 cycles 143 draws maxGap=101ms
PASS shuffle1_loop 512² 2 cycles 143 draws maxGap=102ms
PASS power1_loop 512² 2 cycles 143 draws maxGap=102ms
PASS talk_loop 512² 2 cycles 40 draws maxGap=150ms
PASS witchidle1_loop 512² 2 cycles 99 draws maxGap=104ms
PASS broom1_loop 512² 2 cycles 151 draws maxGap=101ms
PASS lantern1_loop 512² 2 cycles 149 draws maxGap=150ms
PASS ghost1_loop 512² 2 cycles 147 draws maxGap=103ms
PASS bat1_loop 512² 2 cycles 147 draws maxGap=102ms
PASS candy1_loop 512² 2 cycles 147 draws maxGap=101ms
PASS spellbook1_loop 512² 2 cycles 149 draws maxGap=151ms
PASS starspell1_loop 512² 2 cycles 147 draws maxGap=101ms
PASS crystal1_loop 512² 2 cycles 153 draws maxGap=101ms
PASS blackcat1_loop 512² 2 cycles 151 draws maxGap=102ms
PASS raven1_loop 512² 2 cycles 147 draws maxGap=102ms
PASS spider1_loop 512² 2 cycles 149 draws maxGap=150ms
PASS potion1_loop 512² 2 cycles 149 draws maxGap=102ms
PASS moon1_loop 512² 2 cycles 153 draws maxGap=101ms
PASS tarot1_loop 512² 2 cycles 151 draws maxGap=102ms
PASS umbrella1_loop 512² 2 cycles 151 draws maxGap=101ms
PASS witchdance1_loop 512² 2 cycles 133 draws maxGap=102ms
PASS peekaboo1_loop 512² 2 cycles 153 draws maxGap=102ms
PASS candles1_loop 512² 2 cycles 151 draws maxGap=102ms
PASS gift1_loop 512² 2 cycles 157 draws maxGap=104ms
PASS witchbreathe1_loop 512² 2 cycles 99 draws maxGap=101ms
PASS witchlook1_loop 512² 2 cycles 99 draws maxGap=101ms
PASS witchtidy1_loop 512² 2 cycles 99 draws maxGap=102ms
PASS witchtalk1_loop 512² 2 cycles 35 draws maxGap=150ms
PASS seollal_breathe1_loop 512² 2 cycles 99 draws maxGap=101ms
PASS seollal_look1_loop 512² 2 cycles 99 draws maxGap=105ms
PASS seollal_tidy1_loop 512² 2 cycles 99 draws maxGap=101ms
PASS seollal_talk1_loop 512² 2 cycles 35 draws maxGap=151ms
PASS seollal_bow1_loop 512² 2 cycles 163 draws maxGap=102ms
PASS seollal_pouch1_loop 512² 2 cycles 155 draws maxGap=102ms
PASS seollal_yut1_loop 512² 2 cycles 153 draws maxGap=101ms
PASS seollal_soup1_loop 512² 2 cycles 151 draws maxGap=102ms
PASS seollal_kite1_loop 512² 2 cycles 153 draws maxGap=103ms
PASS seollal_jegi1_loop 512² 2 cycles 141 draws maxGap=102ms
PASS christmas_breathe1_loop 512² 2 cycles 99 draws maxGap=103ms
PASS christmas_look1_loop 512² 2 cycles 99 draws maxGap=102ms
PASS christmas_tidy1_loop 512² 2 cycles 99 draws maxGap=102ms
PASS christmas_talk1_loop 512² 2 cycles 35 draws maxGap=104ms
PASS christmas_gift1_loop 512² 2 cycles 155 draws maxGap=152ms
PASS christmas_fishbread1_loop 512² 2 cycles 151 draws maxGap=104ms
PASS christmas_snowman1_loop 512² 2 cycles 155 draws maxGap=102ms
PASS christmas_carol1_loop 512² 2 cycles 139 draws maxGap=102ms
PASS christmas_snowglobe1_loop 512² 2 cycles 161 draws maxGap=148ms
PASS christmas_snowcatch1_loop 512² 2 cycles 153 draws maxGap=102ms
PASS childrensday_breathe1_loop 512² 2 cycles 99 draws maxGap=102ms
PASS childrensday_look1_loop 512² 2 cycles 99 draws maxGap=106ms
PASS childrensday_tidy1_loop 512² 2 cycles 99 draws maxGap=102ms
PASS childrensday_talk1_loop 512² 2 cycles 35 draws maxGap=152ms
PASS childrensday_bubbles1_loop 512² 2 cycles 157 draws maxGap=103ms
PASS childrensday_balloon1_loop 512² 2 cycles 155 draws maxGap=150ms
PASS childrensday_robot1_loop 512² 2 cycles 157 draws maxGap=102ms
PASS childrensday_plane1_loop 512² 2 cycles 157 draws maxGap=102ms
PASS childrensday_candyfloss1_loop 512² 2 cycles 155 draws maxGap=103ms
PASS childrensday_pinwheel1_loop 512² 2 cycles 153 draws maxGap=102ms
PASS summer_breathe1_loop 512² 2 cycles 99 draws maxGap=102ms
PASS summer_look1_loop 512² 2 cycles 99 draws maxGap=102ms
PASS summer_tidy1_loop 512² 2 cycles 99 draws maxGap=102ms
PASS summer_talk1_loop 512² 2 cycles 35 draws maxGap=148ms
PASS summer_tube1_loop 512² 2 cycles 161 draws maxGap=151ms
PASS summer_sandcastle1_loop 512² 2 cycles 157 draws maxGap=103ms
PASS summer_watermelon1_loop 512² 2 cycles 153 draws maxGap=103ms
PASS summer_watergun1_loop 512² 2 cycles 147 draws maxGap=103ms
PASS summer_waves1_loop 512² 2 cycles 145 draws maxGap=102ms
PASS summer_fan1_loop 512² 2 cycles 157 draws maxGap=102ms
PASS transform_normal_start 512² 2 cycles 35 draws maxGap=151ms
PASS transform_normal_loop 512² 2 cycles 35 draws maxGap=151ms
PASS transform_halloween_start 512² 2 cycles 35 draws maxGap=151ms
PASS transform_halloween_loop 512² 2 cycles 35 draws maxGap=149ms
PASS transform_seollal_start 512² 2 cycles 35 draws maxGap=152ms
PASS transform_seollal_loop 512² 2 cycles 35 draws maxGap=102ms
PASS transform_christmas_start 512² 2 cycles 35 draws maxGap=102ms
PASS transform_christmas_loop 512² 2 cycles 35 draws maxGap=102ms
PASS transform_childrensday_start 512² 2 cycles 35 draws maxGap=150ms
PASS transform_childrensday_loop 512² 2 cycles 35 draws maxGap=150ms
PASS transform_summer_start 512² 2 cycles 35 draws maxGap=150ms
PASS transform_summer_loop 512² 2 cycles 35 draws maxGap=152ms
PASS all 138 runtime clips / 276 ended (original)
