CHECK docs/index.html assets=rebuilt fallback=true clips=138
PASS canvas 1280×720 DPR1 → 720²
PASS canvas 720×1280 DPR1 → 720²
PASS canvas 320×640 DPR1 → 320²
PASS canvas 1280×720 DPR2 → 720²
PASS idle1_loop 512² 2 cycles 78 draws maxGap=52ms
PASS basic1_loop 512² 2 cycles 150 draws maxGap=51ms
PASS basic2_loop 512² 2 cycles 90 draws maxGap=53ms
PASS basic3_loop 512² 2 cycles 76 draws maxGap=52ms
PASS doze1_loop 512² 2 cycles 85 draws maxGap=102ms
PASS happy1_start 512² 2 cycles 30 draws maxGap=51ms
PASS happy1_loop 512² 2 cycles 77 draws maxGap=100ms
PASS happy1_end 512² 2 cycles 30 draws maxGap=52ms
PASS happy2_loop 512² 2 cycles 88 draws maxGap=51ms
PASS happy3_loop 512² 2 cycles 106 draws maxGap=51ms
PASS excited1_loop 512² 2 cycles 90 draws maxGap=51ms
PASS boxing1_loop 512² 2 cycles 142 draws maxGap=52ms
PASS dance1_loop 512² 2 cycles 95 draws maxGap=55ms
PASS yaho1_loop 512² 2 cycles 110 draws maxGap=52ms
PASS parapara1_loop 512² 2 cycles 151 draws maxGap=51ms
PASS dance2_loop 512² 2 cycles 103 draws maxGap=51ms
PASS dance3_loop 512² 2 cycles 124 draws maxGap=52ms
PASS chem1_start 512² 2 cycles 74 draws maxGap=52ms
PASS chem1_loop 512² 2 cycles 115 draws maxGap=51ms
PASS chem1_end1 512² 2 cycles 119 draws maxGap=52ms
PASS chem1_end2 512² 2 cycles 72 draws maxGap=52ms
PASS chem1_end3 512² 2 cycles 108 draws maxGap=51ms
PASS pastry1_start 512² 2 cycles 83 draws maxGap=52ms
PASS pastry1_loop 512² 2 cycles 85 draws maxGap=51ms
PASS pastry1_end1 512² 2 cycles 137 draws maxGap=51ms
PASS pastry1_end2 512² 2 cycles 137 draws maxGap=52ms
PASS pastry1_end3 512² 2 cycles 138 draws maxGap=51ms
PASS pastry1_end4 512² 2 cycles 138 draws maxGap=51ms
PASS pastry1_end5 512² 2 cycles 136 draws maxGap=51ms
PASS pastry1_end6 512² 2 cycles 138 draws maxGap=52ms
PASS pastry1_end7 512² 2 cycles 138 draws maxGap=52ms
PASS pastry1_end8 512² 2 cycles 137 draws maxGap=51ms
PASS pastry1_end9 512² 2 cycles 137 draws maxGap=51ms
PASS pastry1_end10 512² 2 cycles 136 draws maxGap=51ms
PASS pastry1_outro 512² 2 cycles 64 draws maxGap=52ms
PASS alchemy1_start 512² 2 cycles 141 draws maxGap=51ms
PASS alchemy1_loop 512² 2 cycles 114 draws maxGap=102ms
PASS alchemy1_end1 512² 2 cycles 139 draws maxGap=52ms
PASS alchemy1_end2 512² 2 cycles 138 draws maxGap=52ms
PASS alchemy1_end3 512² 2 cycles 138 draws maxGap=51ms
PASS alchemy1_outro 512² 2 cycles 116 draws maxGap=51ms
PASS lemon1_loop 512² 2 cycles 234 draws maxGap=51ms
PASS note1_loop 512² 2 cycles 303 draws maxGap=51ms
PASS sad1_loop 512² 2 cycles 76 draws maxGap=51ms
PASS sad2_loop 512² 2 cycles 77 draws maxGap=53ms
PASS clap1_loop 512² 2 cycles 134 draws maxGap=51ms
PASS heart1_loop 512² 2 cycles 83 draws maxGap=51ms
PASS surprise1_loop 512² 2 cycles 84 draws maxGap=51ms
PASS thumbsup1_loop 512² 2 cycles 100 draws maxGap=52ms
PASS salute1_loop 512² 2 cycles 103 draws maxGap=52ms
PASS shrug1_loop 512² 2 cycles 101 draws maxGap=52ms
PASS think1_loop 512² 2 cycles 101 draws maxGap=51ms
PASS listen1_loop 512² 2 cycles 101 draws maxGap=52ms
PASS facepalm1_loop 512² 2 cycles 102 draws maxGap=99ms
PASS shush1_loop 512² 2 cycles 101 draws maxGap=52ms
PASS cheer1_loop 512² 2 cycles 99 draws maxGap=52ms
PASS pout1_loop 512² 2 cycles 101 draws maxGap=52ms
PASS kiss1_loop 512² 2 cycles 102 draws maxGap=99ms
PASS bounce1_loop 512² 2 cycles 194 draws maxGap=99ms
PASS shuffle1_loop 512² 2 cycles 192 draws maxGap=51ms
PASS power1_loop 512² 2 cycles 192 draws maxGap=52ms
PASS talk_loop 512² 2 cycles 75 draws maxGap=52ms
PASS witchidle1_loop 512² 2 cycles 165 draws maxGap=51ms
PASS broom1_loop 512² 2 cycles 253 draws maxGap=52ms
PASS lantern1_loop 512² 2 cycles 250 draws maxGap=53ms
PASS ghost1_loop 512² 2 cycles 247 draws maxGap=52ms
PASS bat1_loop 512² 2 cycles 245 draws maxGap=52ms
PASS candy1_loop 512² 2 cycles 246 draws maxGap=52ms
PASS spellbook1_loop 512² 2 cycles 250 draws maxGap=52ms
PASS starspell1_loop 512² 2 cycles 244 draws maxGap=52ms
PASS crystal1_loop 512² 2 cycles 254 draws maxGap=52ms
PASS blackcat1_loop 512² 2 cycles 252 draws maxGap=52ms
PASS raven1_loop 512² 2 cycles 244 draws maxGap=51ms
PASS spider1_loop 512² 2 cycles 249 draws maxGap=52ms
PASS potion1_loop 512² 2 cycles 250 draws maxGap=52ms
PASS moon1_loop 512² 2 cycles 256 draws maxGap=51ms
PASS tarot1_loop 512² 2 cycles 252 draws maxGap=95ms
PASS umbrella1_loop 512² 2 cycles 253 draws maxGap=51ms
PASS witchdance1_loop 512² 2 cycles 223 draws maxGap=53ms
PASS peekaboo1_loop 512² 2 cycles 255 draws maxGap=52ms
PASS candles1_loop 512² 2 cycles 251 draws maxGap=53ms
PASS gift1_loop 512² 2 cycles 265 draws maxGap=54ms
PASS witchbreathe1_loop 512² 2 cycles 166 draws maxGap=101ms
PASS witchlook1_loop 512² 2 cycles 165 draws maxGap=52ms
PASS witchtidy1_loop 512² 2 cycles 166 draws maxGap=52ms
PASS witchtalk1_loop 512² 2 cycles 59 draws maxGap=52ms
PASS seollal_breathe1_loop 512² 2 cycles 165 draws maxGap=53ms
PASS seollal_look1_loop 512² 2 cycles 164 draws maxGap=52ms
PASS seollal_tidy1_loop 512² 2 cycles 166 draws maxGap=52ms
PASS seollal_talk1_loop 512² 2 cycles 59 draws maxGap=52ms
PASS seollal_bow1_loop 512² 2 cycles 273 draws maxGap=102ms
PASS seollal_pouch1_loop 512² 2 cycles 258 draws maxGap=103ms
PASS seollal_yut1_loop 512² 2 cycles 257 draws maxGap=53ms
PASS seollal_soup1_loop 512² 2 cycles 253 draws maxGap=101ms
PASS seollal_kite1_loop 512² 2 cycles 256 draws maxGap=53ms
PASS seollal_jegi1_loop 512² 2 cycles 235 draws maxGap=52ms
PASS christmas_breathe1_loop 512² 2 cycles 165 draws maxGap=97ms
PASS christmas_look1_loop 512² 2 cycles 166 draws maxGap=52ms
PASS christmas_tidy1_loop 512² 2 cycles 168 draws maxGap=54ms
PASS christmas_talk1_loop 512² 2 cycles 59 draws maxGap=52ms
PASS christmas_gift1_loop 512² 2 cycles 258 draws maxGap=53ms
PASS christmas_fishbread1_loop 512² 2 cycles 254 draws maxGap=100ms
PASS christmas_snowman1_loop 512² 2 cycles 259 draws maxGap=52ms
PASS christmas_carol1_loop 512² 2 cycles 232 draws maxGap=53ms
PASS christmas_snowglobe1_loop 512² 2 cycles 271 draws maxGap=52ms
PASS christmas_snowcatch1_loop 512² 2 cycles 256 draws maxGap=99ms
PASS childrensday_breathe1_loop 512² 2 cycles 165 draws maxGap=53ms
PASS childrensday_look1_loop 512² 2 cycles 166 draws maxGap=56ms
PASS childrensday_tidy1_loop 512² 2 cycles 165 draws maxGap=101ms
PASS childrensday_talk1_loop 512² 2 cycles 59 draws maxGap=52ms
PASS childrensday_bubbles1_loop 512² 2 cycles 262 draws maxGap=53ms
PASS childrensday_balloon1_loop 512² 2 cycles 258 draws maxGap=53ms
PASS childrensday_robot1_loop 512² 2 cycles 262 draws maxGap=53ms
PASS childrensday_plane1_loop 512² 2 cycles 263 draws maxGap=53ms
PASS childrensday_candyfloss1_loop 512² 2 cycles 259 draws maxGap=53ms
PASS childrensday_pinwheel1_loop 512² 2 cycles 257 draws maxGap=52ms
PASS summer_breathe1_loop 512² 2 cycles 165 draws maxGap=53ms
PASS summer_look1_loop 512² 2 cycles 165 draws maxGap=53ms
PASS summer_tidy1_loop 512² 2 cycles 167 draws maxGap=52ms
PASS summer_talk1_loop 512² 2 cycles 58 draws maxGap=53ms
PASS summer_tube1_loop 512² 2 cycles 268 draws maxGap=52ms
PASS summer_sandcastle1_loop 512² 2 cycles 264 draws maxGap=99ms
PASS summer_watermelon1_loop 512² 2 cycles 256 draws maxGap=52ms
PASS summer_watergun1_loop 512² 2 cycles 246 draws maxGap=52ms
PASS summer_waves1_loop 512² 2 cycles 242 draws maxGap=103ms
PASS summer_fan1_loop 512² 2 cycles 262 draws maxGap=52ms
PASS transform_normal_start 512² 2 cycles 60 draws maxGap=54ms
PASS transform_normal_loop 512² 2 cycles 58 draws maxGap=53ms
PASS transform_halloween_start 512² 2 cycles 57 draws maxGap=55ms
PASS transform_halloween_loop 512² 2 cycles 58 draws maxGap=55ms
PASS transform_seollal_start 512² 2 cycles 59 draws maxGap=52ms
PASS transform_seollal_loop 512² 2 cycles 59 draws maxGap=52ms
PASS transform_christmas_start 512² 2 cycles 60 draws maxGap=56ms
PASS transform_christmas_loop 512² 2 cycles 58 draws maxGap=52ms
PASS transform_childrensday_start 512² 2 cycles 59 draws maxGap=52ms
PASS transform_childrensday_loop 512² 2 cycles 57 draws maxGap=52ms
PASS transform_summer_start 512² 2 cycles 57 draws maxGap=54ms
PASS transform_summer_loop 512² 2 cycles 58 draws maxGap=53ms
PASS all 138 runtime clips / 276 ended (rebuilt, fallback)
