PASS sprites/anim_idle1_loop.webm
PASS sprites/rebuilt/videos/anim_idle1_loop.webm
PASS sprites/hd720/videos/anim_idle1_loop.webm
PASS sprites/hd720/videos/anim_basic1_loop.webm
PASS sprites/anim_basic1_loop.webm
PASS sprites/rebuilt/videos/anim_basic1_loop.webm
PASS sprites/anim_basic2_loop.webm
PASS sprites/hd720/videos/anim_basic2_loop.webm
PASS sprites/rebuilt/videos/anim_basic2_loop.webm
PASS sprites/anim_basic3_loop.webm
PASS sprites/hd720/videos/anim_basic3_loop.webm
PASS sprites/rebuilt/videos/anim_basic3_loop.webm
PASS sprites/anim_doze1_loop.webm
PASS sprites/hd720/videos/anim_doze1_loop.webm
PASS sprites/rebuilt/videos/anim_doze1_loop.webm
PASS sprites/hd720/videos/anim_happy1_start.webm
PASS sprites/anim_happy1_start.webm
PASS sprites/rebuilt/videos/anim_happy1_start.webm
PASS sprites/anim_happy1_loop.webm
PASS sprites/hd720/videos/anim_happy1_end.webm
PASS sprites/rebuilt/videos/anim_happy1_loop.webm
PASS sprites/anim_happy1_end.webm
PASS sprites/hd720/videos/anim_happy1_loop.webm
PASS sprites/rebuilt/videos/anim_happy1_end.webm
PASS sprites/anim_happy2_loop.webm
PASS sprites/rebuilt/videos/anim_happy2_loop.webm
PASS sprites/hd720/videos/anim_happy2_loop.webm
PASS sprites/hd720/videos/anim_happy3_loop.webm
PASS sprites/anim_happy3_loop.webm
PASS sprites/rebuilt/videos/anim_happy3_loop.webm
PASS sprites/hd720/videos/anim_excited1_loop.webm
PASS sprites/anim_excited1_loop.webm
PASS sprites/rebuilt/videos/anim_excited1_loop.webm
PASS sprites/hd720/videos/anim_boxing1_loop.webm
PASS sprites/anim_boxing1_loop.webm
PASS sprites/rebuilt/videos/anim_boxing1_loop.webm
PASS sprites/hd720/videos/anim_dance1_loop.webm
PASS sprites/anim_dance1_loop.webm
PASS sprites/rebuilt/videos/anim_dance1_loop.webm
PASS sprites/hd720/videos/anim_yaho1_loop.webm
PASS sprites/anim_yaho1_loop.webm
PASS sprites/rebuilt/videos/anim_yaho1_loop.webm
PASS sprites/anim_parapara1_loop.webm
PASS sprites/hd720/videos/anim_parapara1_loop.webm
PASS sprites/rebuilt/videos/anim_parapara1_loop.webm
PASS sprites/hd720/videos/anim_dance2_loop.webm
PASS sprites/anim_dance2_loop.webm
PASS sprites/rebuilt/videos/anim_dance2_loop.webm
PASS sprites/anim_dance3_loop.webm
PASS sprites/hd720/videos/anim_dance3_loop.webm
PASS sprites/rebuilt/videos/anim_dance3_loop.webm
PASS sprites/anim_chem1_start.webm
PASS sprites/hd720/videos/anim_chem1_start.webm
PASS sprites/rebuilt/videos/anim_chem1_start.webm
PASS sprites/anim_chem1_loop.webm
PASS sprites/rebuilt/videos/anim_chem1_loop.webm
PASS sprites/hd720/videos/anim_chem1_loop.webm
PASS sprites/anim_chem1_end1.webm
PASS sprites/hd720/videos/anim_chem1_end1.webm
PASS sprites/rebuilt/videos/anim_chem1_end1.webm
PASS sprites/anim_chem1_end2.webm
PASS sprites/hd720/videos/anim_chem1_end2.webm
PASS sprites/rebuilt/videos/anim_chem1_end2.webm
PASS sprites/anim_chem1_end3.webm
PASS sprites/rebuilt/videos/anim_chem1_end3.webm
PASS sprites/hd720/videos/anim_chem1_end3.webm
PASS sprites/hd720/videos/anim_pastry1_start.webm
PASS sprites/anim_pastry1_start.webm
PASS sprites/rebuilt/videos/anim_pastry1_start.webm
PASS sprites/anim_pastry1_loop.webm
PASS sprites/hd720/videos/anim_pastry1_loop.webm
PASS sprites/rebuilt/videos/anim_pastry1_loop.webm
PASS sprites/hd720/videos/anim_pastry1_end1.webm
PASS sprites/anim_pastry1_end1.webm
PASS sprites/rebuilt/videos/anim_pastry1_end1.webm
PASS sprites/hd720/videos/anim_pastry1_end2.webm
PASS sprites/anim_pastry1_end2.webm
PASS sprites/rebuilt/videos/anim_pastry1_end2.webm
PASS sprites/anim_pastry1_end3.webm
PASS sprites/hd720/videos/anim_pastry1_end3.webm
PASS sprites/rebuilt/videos/anim_pastry1_end3.webm
PASS sprites/anim_pastry1_end4.webm
PASS sprites/hd720/videos/anim_pastry1_end4.webm
PASS sprites/rebuilt/videos/anim_pastry1_end4.webm
PASS sprites/anim_pastry1_end5.webm
PASS sprites/hd720/videos/anim_pastry1_end5.webm
PASS sprites/rebuilt/videos/anim_pastry1_end5.webm
PASS sprites/hd720/videos/anim_pastry1_end6.webm
PASS sprites/anim_pastry1_end6.webm
PASS sprites/rebuilt/videos/anim_pastry1_end6.webm
PASS sprites/hd720/videos/anim_pastry1_end7.webm
PASS sprites/anim_pastry1_end7.webm
PASS sprites/rebuilt/videos/anim_pastry1_end7.webm
PASS sprites/hd720/videos/anim_pastry1_end8.webm
PASS sprites/anim_pastry1_end8.webm
PASS sprites/rebuilt/videos/anim_pastry1_end8.webm
PASS sprites/hd720/videos/anim_pastry1_end9.webm
PASS sprites/anim_pastry1_end9.webm
PASS sprites/rebuilt/videos/anim_pastry1_end9.webm
PASS sprites/hd720/videos/anim_pastry1_end10.webm
PASS sprites/anim_pastry1_end10.webm
PASS sprites/rebuilt/videos/anim_pastry1_end10.webm
PASS sprites/hd720/videos/anim_pastry1_outro.webm
PASS sprites/rebuilt/videos/anim_pastry1_outro.webm
PASS sprites/anim_pastry1_outro.webm
PASS sprites/anim_alchemy1_start.webm
PASS sprites/anim_alchemy1_loop.webm
PASS sprites/hd720/videos/anim_alchemy1_start.webm
PASS sprites/hd720/videos/anim_alchemy1_loop.webm
PASS sprites/anim_alchemy1_end1.webm
PASS sprites/hd720/videos/anim_alchemy1_end1.webm
PASS sprites/anim_alchemy1_end2.webm
PASS sprites/hd720/videos/anim_alchemy1_end2.webm
PASS sprites/anim_alchemy1_end3.webm
PASS sprites/hd720/videos/anim_alchemy1_end3.webm
PASS sprites/anim_alchemy1_outro.webm
PASS sprites/hd720/videos/anim_alchemy1_outro.webm
PASS sprites/anim_lemon1_loop.webm
PASS sprites/rebuilt/videos/anim_lemon1_loop.webm
PASS sprites/hd720/videos/anim_lemon1_loop.webm
PASS sprites/anim_sad1_loop.webm
PASS sprites/hd720/videos/anim_sad1_loop.webm
PASS sprites/anim_note1_loop.webm
PASS sprites/hd720/videos/anim_note1_loop.webm
PASS sprites/rebuilt/videos/anim_sad1_loop.webm
PASS sprites/anim_sad2_loop.webm
PASS sprites/hd720/videos/anim_sad2_loop.webm
PASS sprites/rebuilt/videos/anim_sad2_loop.webm
PASS sprites/hd720/videos/anim_clap1_loop.webm
PASS sprites/anim_clap1_loop.webm
PASS sprites/anim_heart1_loop.webm
PASS sprites/hd720/videos/anim_heart1_loop.webm
PASS sprites/anim_surprise1_loop.webm
PASS sprites/hd720/videos/anim_surprise1_loop.webm
PASS sprites/anim_thumbsup1_loop.webm
PASS sprites/hd720/videos/anim_thumbsup1_loop.webm
PASS sprites/anim_salute1_loop.webm
PASS sprites/hd720/videos/anim_salute1_loop.webm
PASS sprites/anim_shrug1_loop.webm
PASS sprites/hd720/videos/anim_shrug1_loop.webm
PASS sprites/anim_think1_loop.webm
PASS sprites/hd720/videos/anim_think1_loop.webm
PASS sprites/anim_listen1_loop.webm
PASS sprites/hd720/videos/anim_listen1_loop.webm
PASS sprites/anim_facepalm1_loop.webm
PASS sprites/hd720/videos/anim_facepalm1_loop.webm
PASS sprites/anim_shush1_loop.webm
PASS sprites/hd720/videos/anim_shush1_loop.webm
PASS sprites/anim_cheer1_loop.webm
PASS sprites/hd720/videos/anim_cheer1_loop.webm
PASS sprites/anim_pout1_loop.webm
PASS sprites/hd720/videos/anim_pout1_loop.webm
PASS sprites/anim_kiss1_loop.webm
PASS sprites/hd720/videos/anim_kiss1_loop.webm
PASS sprites/anim_bounce1_loop.webm
PASS sprites/anim_shuffle1_loop.webm
PASS sprites/hd720/videos/anim_bounce1_loop.webm
PASS sprites/hd720/videos/anim_shuffle1_loop.webm
PASS sprites/anim_talk_loop.webm
PASS sprites/hd720/videos/anim_talk_loop.webm
PASS sprites/anim_power1_loop.webm
PASS sprites/hd720/videos/anim_power1_loop.webm
PASS sprites/rebuilt/videos/anim_talk_loop.webm
PASS sprites/anim_witchidle1_loop.webm
PASS sprites/hd720/videos/anim_witchidle1_loop.webm
PASS sprites/anim_broom1_loop.webm
PASS sprites/hd720/videos/anim_broom1_loop.webm
PASS sprites/anim_lantern1_loop.webm
PASS sprites/hd720/videos/anim_lantern1_loop.webm
PASS sprites/anim_ghost1_loop.webm
PASS sprites/hd720/videos/anim_ghost1_loop.webm
PASS sprites/anim_bat1_loop.webm
PASS sprites/hd720/videos/anim_bat1_loop.webm
PASS sprites/anim_candy1_loop.webm
PASS sprites/hd720/videos/anim_candy1_loop.webm
PASS sprites/anim_spellbook1_loop.webm
PASS sprites/hd720/videos/anim_spellbook1_loop.webm
PASS sprites/anim_starspell1_loop.webm
PASS sprites/hd720/videos/anim_starspell1_loop.webm
PASS sprites/anim_crystal1_loop.webm
PASS sprites/hd720/videos/anim_crystal1_loop.webm
PASS sprites/anim_blackcat1_loop.webm
PASS sprites/hd720/videos/anim_blackcat1_loop.webm
PASS sprites/anim_raven1_loop.webm
PASS sprites/hd720/videos/anim_raven1_loop.webm
PASS sprites/anim_spider1_loop.webm
PASS sprites/hd720/videos/anim_spider1_loop.webm
PASS sprites/anim_potion1_loop.webm
PASS sprites/hd720/videos/anim_potion1_loop.webm
PASS sprites/anim_moon1_loop.webm
PASS sprites/hd720/videos/anim_moon1_loop.webm
PASS sprites/anim_tarot1_loop.webm
PASS sprites/hd720/videos/anim_tarot1_loop.webm
PASS sprites/anim_umbrella1_loop.webm
PASS sprites/hd720/videos/anim_umbrella1_loop.webm
PASS sprites/anim_witchdance1_loop.webm
PASS sprites/hd720/videos/anim_witchdance1_loop.webm
PASS sprites/anim_peekaboo1_loop.webm
PASS sprites/hd720/videos/anim_peekaboo1_loop.webm
PASS sprites/anim_candles1_loop.webm
PASS sprites/hd720/videos/anim_candles1_loop.webm
PASS sprites/anim_gift1_loop.webm
PASS sprites/hd720/videos/anim_witchbreathe1_loop.webm
PASS sprites/hd720/videos/anim_gift1_loop.webm
PASS sprites/anim_witchbreathe1_loop.webm
PASS sprites/anim_witchlook1_loop.webm
PASS sprites/anim_witchtidy1_loop.webm
PASS sprites/hd720/videos/anim_witchlook1_loop.webm
PASS sprites/hd720/videos/anim_witchtidy1_loop.webm
PASS sprites/anim_witchtalk1_loop.webm
PASS sprites/hd720/videos/anim_witchtalk1_loop.webm
PASS sprites/hd720/videos/anim_seollal_breathe1_loop.webm
PASS sprites/anim_seollal_breathe1_loop.webm
PASS sprites/anim_seollal_look1_loop.webm
PASS sprites/hd720/videos/anim_seollal_look1_loop.webm
PASS sprites/anim_seollal_tidy1_loop.webm
PASS sprites/hd720/videos/anim_seollal_talk1_loop.webm
PASS sprites/anim_seollal_talk1_loop.webm
PASS sprites/hd720/videos/anim_seollal_tidy1_loop.webm
PASS sprites/anim_seollal_bow1_loop.webm
PASS sprites/anim_seollal_pouch1_loop.webm
PASS sprites/hd720/videos/anim_seollal_bow1_loop.webm
PASS sprites/hd720/videos/anim_seollal_pouch1_loop.webm
PASS sprites/anim_seollal_yut1_loop.webm
PASS sprites/hd720/videos/anim_seollal_yut1_loop.webm
PASS sprites/anim_seollal_soup1_loop.webm
PASS sprites/hd720/videos/anim_seollal_soup1_loop.webm
PASS sprites/anim_seollal_kite1_loop.webm
PASS sprites/hd720/videos/anim_seollal_kite1_loop.webm
PASS sprites/anim_seollal_jegi1_loop.webm
PASS sprites/hd720/videos/anim_seollal_jegi1_loop.webm
PASS sprites/hd720/videos/anim_christmas_breathe1_loop.webm
PASS sprites/anim_christmas_breathe1_loop.webm
PASS sprites/anim_christmas_look1_loop.webm
PASS sprites/hd720/videos/anim_christmas_look1_loop.webm
PASS sprites/anim_christmas_tidy1_loop.webm
PASS sprites/anim_christmas_talk1_loop.webm
PASS sprites/hd720/videos/anim_christmas_tidy1_loop.webm
PASS sprites/hd720/videos/anim_christmas_talk1_loop.webm
PASS sprites/anim_christmas_gift1_loop.webm
PASS sprites/hd720/videos/anim_christmas_gift1_loop.webm
PASS sprites/anim_christmas_fishbread1_loop.webm
PASS sprites/hd720/videos/anim_christmas_fishbread1_loop.webm
PASS sprites/anim_christmas_snowman1_loop.webm
PASS sprites/anim_christmas_carol1_loop.webm
PASS sprites/hd720/videos/anim_christmas_snowman1_loop.webm
PASS sprites/hd720/videos/anim_christmas_carol1_loop.webm
PASS sprites/anim_christmas_snowglobe1_loop.webm
PASS sprites/anim_christmas_snowcatch1_loop.webm
PASS sprites/hd720/videos/anim_christmas_snowglobe1_loop.webm
PASS sprites/hd720/videos/anim_christmas_snowcatch1_loop.webm
PASS sprites/anim_childrensday_breathe1_loop.webm
PASS sprites/hd720/videos/anim_childrensday_breathe1_loop.webm
PASS sprites/anim_childrensday_look1_loop.webm
PASS sprites/hd720/videos/anim_childrensday_look1_loop.webm
PASS sprites/anim_childrensday_tidy1_loop.webm
PASS sprites/anim_childrensday_talk1_loop.webm
PASS sprites/hd720/videos/anim_childrensday_talk1_loop.webm
PASS sprites/hd720/videos/anim_childrensday_tidy1_loop.webm
PASS sprites/anim_childrensday_bubbles1_loop.webm
PASS sprites/anim_childrensday_balloon1_loop.webm
PASS sprites/hd720/videos/anim_childrensday_bubbles1_loop.webm
PASS sprites/hd720/videos/anim_childrensday_balloon1_loop.webm
PASS sprites/anim_childrensday_robot1_loop.webm
PASS sprites/hd720/videos/anim_childrensday_robot1_loop.webm
PASS sprites/anim_childrensday_plane1_loop.webm
PASS sprites/hd720/videos/anim_childrensday_plane1_loop.webm
PASS sprites/anim_childrensday_candyfloss1_loop.webm
PASS sprites/hd720/videos/anim_childrensday_candyfloss1_loop.webm
PASS sprites/anim_childrensday_pinwheel1_loop.webm
PASS sprites/hd720/videos/anim_childrensday_pinwheel1_loop.webm
PASS sprites/anim_summer_breathe1_loop.webm
PASS sprites/hd720/videos/anim_summer_breathe1_loop.webm
PASS sprites/anim_summer_look1_loop.webm
PASS sprites/hd720/videos/anim_summer_look1_loop.webm
PASS sprites/anim_summer_tidy1_loop.webm
PASS sprites/anim_summer_talk1_loop.webm
PASS sprites/hd720/videos/anim_summer_tidy1_loop.webm
PASS sprites/hd720/videos/anim_summer_talk1_loop.webm
PASS sprites/anim_summer_tube1_loop.webm
PASS sprites/anim_summer_sandcastle1_loop.webm
PASS sprites/hd720/videos/anim_summer_tube1_loop.webm
PASS sprites/hd720/videos/anim_summer_sandcastle1_loop.webm
PASS sprites/anim_summer_watermelon1_loop.webm
PASS sprites/hd720/videos/anim_summer_watermelon1_loop.webm
PASS sprites/anim_summer_watergun1_loop.webm
PASS sprites/hd720/videos/anim_summer_watergun1_loop.webm
PASS sprites/anim_summer_waves1_loop.webm
PASS sprites/hd720/videos/anim_summer_waves1_loop.webm
PASS sprites/anim_summer_fan1_loop.webm
PASS sprites/hd720/videos/anim_summer_fan1_loop.webm
PASS sprites/anim_transform_normal_start.webm
PASS sprites/hd720/videos/anim_transform_normal_start.webm
PASS sprites/anim_transform_normal_loop.webm
PASS sprites/hd720/videos/anim_transform_normal_loop.webm
PASS sprites/anim_transform_halloween_start.webm
PASS sprites/hd720/videos/anim_transform_halloween_start.webm
PASS sprites/anim_transform_halloween_loop.webm
PASS sprites/hd720/videos/anim_transform_halloween_loop.webm
PASS sprites/anim_transform_seollal_start.webm
PASS sprites/hd720/videos/anim_transform_seollal_start.webm
PASS sprites/anim_transform_seollal_loop.webm
PASS sprites/hd720/videos/anim_transform_seollal_loop.webm
PASS sprites/anim_transform_christmas_start.webm
PASS sprites/hd720/videos/anim_transform_christmas_start.webm
PASS sprites/anim_transform_christmas_loop.webm
PASS sprites/hd720/videos/anim_transform_christmas_loop.webm
PASS sprites/anim_transform_childrensday_start.webm
PASS sprites/hd720/videos/anim_transform_childrensday_start.webm
PASS sprites/anim_transform_childrensday_loop.webm
PASS sprites/hd720/videos/anim_transform_childrensday_loop.webm
PASS sprites/anim_transform_summer_start.webm
PASS sprites/hd720/videos/anim_transform_summer_start.webm
PASS sprites/anim_transform_summer_loop.webm
PASS sprites/hd720/videos/anim_transform_summer_loop.webm
Complete 315 runtime videos, 315 Pages copies
