PASS canvas 1280×720 DPR1 → 720²
PASS canvas 720×1280 DPR1 → 720²
PASS canvas 320×640 DPR1 → 320²
PASS canvas 1280×720 DPR2 → 720²
PASS idle1_loop 720² 24 draws
PASS basic1_loop 720² 22 draws
PASS basic2_loop 720² 22 draws
PASS basic3_loop 720² 22 draws
PASS doze1_loop 720² 18 draws
PASS happy1_start 720² 10 draws
PASS happy1_loop 720² 22 draws
PASS happy1_end 720² 10 draws
PASS happy2_loop 720² 22 draws
PASS happy3_loop 720² 24 draws
PASS excited1_loop 720² 22 draws
PASS boxing1_loop 720² 28 draws
PASS dance1_loop 720² 20 draws
PASS yaho1_loop 720² 18 draws
PASS parapara1_loop 720² 28 draws
PASS dance2_loop 720² 20 draws
PASS dance3_loop 720² 20 draws
PASS chem1_start 720² 16 draws
PASS chem1_loop 720² 23 draws
PASS chem1_end1 720² 24 draws
PASS chem1_end2 720² 16 draws
PASS chem1_end3 720² 22 draws
PASS pastry1_start 720² 18 draws
PASS pastry1_loop 720² 18 draws
PASS pastry1_end1 720² 27 draws
PASS pastry1_end2 720² 27 draws
PASS pastry1_end3 720² 27 draws
PASS pastry1_end4 720² 27 draws
PASS pastry1_end5 720² 27 draws
PASS pastry1_end6 720² 27 draws
PASS pastry1_end7 720² 27 draws
PASS pastry1_end8 720² 27 draws
PASS pastry1_end9 720² 27 draws
PASS pastry1_end10 720² 27 draws
PASS pastry1_outro 720² 14 draws
PASS alchemy1_start 720² 38 draws
PASS alchemy1_loop 720² 35 draws
PASS alchemy1_end1 720² 43 draws
PASS alchemy1_end2 720² 43 draws
PASS alchemy1_end3 720² 43 draws
PASS alchemy1_outro 720² 36 draws
PASS lemon1_loop 720² 20 draws
PASS note1_loop 720² 78 draws
PASS sad1_loop 720² 22 draws
PASS sad2_loop 720² 22 draws
PASS clap1_loop 720² 36 draws
PASS heart1_loop 720² 24 draws
PASS surprise1_loop 720² 24 draws
PASS thumbsup1_loop 720² 28 draws
PASS salute1_loop 720² 28 draws
PASS shrug1_loop 720² 28 draws
PASS think1_loop 720² 28 draws
PASS listen1_loop 720² 28 draws
PASS facepalm1_loop 720² 28 draws
PASS shush1_loop 720² 28 draws
PASS cheer1_loop 720² 28 draws
PASS pout1_loop 720² 28 draws
PASS kiss1_loop 720² 28 draws
PASS bounce1_loop 720² 63 draws
PASS shuffle1_loop 720² 63 draws
PASS power1_loop 720² 63 draws
PASS talk_loop 720² 22 draws
PASS witchidle1_loop 720² 35 draws
PASS broom1_loop 720² 39 draws
PASS lantern1_loop 720² 39 draws
PASS ghost1_loop 720² 39 draws
PASS bat1_loop 720² 39 draws
PASS candy1_loop 720² 39 draws
PASS spellbook1_loop 720² 39 draws
PASS starspell1_loop 720² 39 draws
PASS crystal1_loop 720² 39 draws
PASS blackcat1_loop 720² 39 draws
PASS raven1_loop 720² 39 draws
PASS spider1_loop 720² 39 draws
PASS potion1_loop 720² 39 draws
PASS moon1_loop 720² 39 draws
PASS tarot1_loop 720² 39 draws
PASS umbrella1_loop 720² 39 draws
PASS witchdance1_loop 720² 39 draws
PASS peekaboo1_loop 720² 39 draws
PASS candles1_loop 720² 39 draws
PASS gift1_loop 720² 39 draws
PASS witchbreathe1_loop 720² 51 draws
PASS witchlook1_loop 720² 51 draws
PASS witchtidy1_loop 720² 51 draws
PASS witchtalk1_loop 720² 19 draws
PASS seollal_breathe1_loop 720² 51 draws
PASS seollal_look1_loop 720² 51 draws
PASS seollal_tidy1_loop 720² 51 draws
PASS seollal_talk1_loop 720² 19 draws
PASS seollal_bow1_loop 720² 39 draws
PASS seollal_pouch1_loop 720² 39 draws
PASS seollal_yut1_loop 720² 39 draws
PASS seollal_soup1_loop 720² 39 draws
PASS seollal_kite1_loop 720² 39 draws
PASS seollal_jegi1_loop 720² 39 draws
PASS christmas_breathe1_loop 720² 51 draws
PASS christmas_look1_loop 720² 51 draws
PASS christmas_tidy1_loop 720² 51 draws
PASS christmas_talk1_loop 720² 19 draws
PASS christmas_gift1_loop 720² 39 draws
PASS christmas_fishbread1_loop 720² 39 draws
PASS christmas_snowman1_loop 720² 39 draws
PASS christmas_carol1_loop 720² 39 draws
PASS christmas_snowglobe1_loop 720² 39 draws
PASS christmas_snowcatch1_loop 720² 39 draws
PASS childrensday_breathe1_loop 720² 51 draws
PASS childrensday_look1_loop 720² 51 draws
PASS childrensday_tidy1_loop 720² 51 draws
PASS childrensday_talk1_loop 720² 19 draws
PASS childrensday_bubbles1_loop 720² 39 draws
PASS childrensday_balloon1_loop 720² 39 draws
PASS childrensday_robot1_loop 720² 39 draws
PASS childrensday_plane1_loop 720² 39 draws
PASS childrensday_candyfloss1_loop 720² 39 draws
PASS childrensday_pinwheel1_loop 720² 39 draws
PASS summer_breathe1_loop 720² 51 draws
PASS summer_look1_loop 720² 51 draws
PASS summer_tidy1_loop 720² 51 draws
PASS summer_talk1_loop 720² 19 draws
PASS summer_tube1_loop 720² 39 draws
PASS summer_sandcastle1_loop 720² 39 draws
PASS summer_watermelon1_loop 720² 39 draws
PASS summer_watergun1_loop 720² 39 draws
PASS summer_waves1_loop 720² 39 draws
PASS summer_fan1_loop 720² 39 draws
PASS transform_normal_start 720² 19 draws
PASS transform_normal_loop 720² 19 draws
PASS transform_halloween_start 720² 19 draws
PASS transform_halloween_loop 720² 19 draws
PASS transform_seollal_start 720² 19 draws
PASS transform_seollal_loop 720² 19 draws
PASS transform_christmas_start 720² 19 draws
PASS transform_christmas_loop 720² 19 draws
PASS transform_childrensday_start 720² 19 draws
PASS transform_childrensday_loop 720² 19 draws
PASS transform_summer_start 720² 19 draws
PASS transform_summer_loop 720² 19 draws
PASS all 138 runtime clips
